S,A,B,C,D,E,F,<CD>,<BCDEF>,<CDEF>,<DEF>,<EF>,a',<aD>,<EdF>,d',<dF>,<eFD>,<FD>,<aC>,e',<eE>,b',<bD>,<dD>,<DadFeba>,<adFeba>,<dFeba>,<Feba>,<eba>,<ba>,<eF>,<Ede>,<de>,<dec>,c',<ec>,<aFa>,<Fa>,<ecde>,<cde>,<FEFe>,<EFe>,<Fe>,<FFF>,<FF>,<bcde>,<eFaFb>,<FaFb>,<aFb>,<Fb>,<eee>,<ee>,<cba>,<dcd>,<cd>,<bcd>
a,b,c,d,e
S
S->DF
S->AF
F->a'<bcd>
F->c'<dcd>
F->d'<cba>
E->e'<eee>
E->F<eFaFb>
E->a'<bcde>
E->F<FFF>
D->E<FEFe>
D->F<aFa>
D->d'<ecde>
D->E<aFa>
C->a'<dec>
C->D<Ede>
C->E<eF>
C->D<DadFeba>
B->C<dD>
B->C<bD>
B->E<eE>
B->F<aC>
A->E<eFD>
A->D<EdF>
A->C<aD>
S->A<BCDEF>
S->A<CD>
<CD>->CD
<BCDEF>->B<CDEF>
<CDEF>->C<DEF>
<DEF>->D<EF>
<EF>->EF
<aD>->a'D
<EdF>->E<dF>
<dF>->d'F
<eFD>->e'<FD>
<FD>->FD
<aC>->a'C
<eE>->e'E
<bD>->b'D
<dD>->d'D
<DadFeba>->D<adFeba>
<adFeba>->a'<dFeba>
<dFeba>->d'<Feba>
<Feba>->F<eba>
<eba>->e'<ba>
<ba>->b'a'
<eF>->e'F
<Ede>->E<de>
<de>->d'e'
<dec>->d'<ec>
<ec>->e'c'
<aFa>->a'<Fa>
<Fa>->Fa'
<ecde>->e'<cde>
<cde>->c'<de>
<FEFe>->F<EFe>
<EFe>->E<Fe>
<Fe>->Fe'
<FFF>->F<FF>
<FF>->FF
<bcde>->b'<cde>
<eFaFb>->e'<FaFb>
<FaFb>->F<aFb>
<aFb>->a'<Fb>
<Fb>->Fb'
<eee>->e'<ee>
<ee>->e'e'
<cba>->c'<ba>
<dcd>->d'<cd>
<cd>->c'd'
<bcd>->b'<cd>
D->a'a'
c'->c
b'->b
e'->e
d'->d
a'->a
